<html>
<body>
<pre>
<h1>µVision Build Log</h1>
<h2>Tool Versions:</h2>
IDE-Version: ¦ÌVision V5.25.2.0
Copyright (C) 2018 ARM Ltd and ARM Germany GmbH. All rights reserved.
License Information: Jialong Wu, THU, LIC=GMZ8T-RA31T-Q0WNJ-U6FSP-T15VP-FSPZ2
 
Tool Versions:
Toolchain:       MDK-ARM Plus  Version: 5.25.2.0
Toolchain Path:  C:\Keil_v5\ARM\ARMCC\Bin
C Compiler:      Armcc.exe V5.06 update 6 (build 750)
Assembler:       Armasm.exe V5.06 update 6 (build 750)
Linker/Locator:  ArmLink.exe V5.06 update 6 (build 750)
Library Manager: ArmAr.exe V5.06 update 6 (build 750)
Hex Converter:   FromElf.exe V5.06 update 6 (build 750)
CPU DLL:         SARMCM3.DLL V5.25.2.0
Dialog DLL:      DCM.DLL V1.17.1.0
Target DLL:      STLink\ST-LINKIII-KEIL_SWO.dll V3.0.1.0
Dialog DLL:      TCM.DLL V1.35.1.0
 
<h2>Project:</h2>
C:\Users\Manchery\Documents\GitHub\SmartCarTemplate2018\MDK-ARM\SmartCar2018.uvprojx
Project File Date:  10/26/2018

<h2>Output:</h2>
*** Using Compiler 'V5.06 update 6 (build 750)', folder: 'C:\Keil_v5\ARM\ARMCC\Bin'
Build target 'SmartCar2018'
compiling main.c...
../Src/main.c(115): warning:  #177-D: variable "T0"  was declared but never referenced
  	int T0 = 500, T1 = 1000, T2 = 50;
../Src/main.c(115): warning:  #177-D: variable "T1"  was declared but never referenced
  	int T0 = 500, T1 = 1000, T2 = 50;
../Src/main.c(115): warning:  #177-D: variable "T2"  was declared but never referenced
  	int T0 = 500, T1 = 1000, T2 = 50;
../Src/main.c(116): warning:  #177-D: variable "P0"  was declared but never referenced
    int32_t P0 = 800, P1 = 400, P2 = 2000;
../Src/main.c(116): warning:  #177-D: variable "P1"  was declared but never referenced
    int32_t P0 = 800, P1 = 400, P2 = 2000;
../Src/main.c(116): warning:  #177-D: variable "P2"  was declared but never referenced
    int32_t P0 = 800, P1 = 400, P2 = 2000;
../Src/main.c(117): warning:  #177-D: variable "cur"  was declared but never referenced
  	cpMotor cur = MOTORA_F;
../Src/main.c: 7 warnings, 0 errors
linking...
Program Size: Code=6592 RO-data=388 RW-data=16 ZI-data=1712  
FromELF: creating hex file...
"SmartCar2018\SmartCar2018.axf" - 0 Error(s), 7 Warning(s).

<h2>Software Packages used:</h2>

Package Vendor: ARM
                http://www.keil.com/pack/ARM.CMSIS.5.3.0.pack
                ARM.CMSIS.5.3.0
                CMSIS (Cortex Microcontroller Software Interface Standard)
   * Component: CORE Version: 5.1.1

Package Vendor: Keil
                http://www.keil.com/pack/Keil.STM32F1xx_DFP.2.2.0.pack
                Keil.STM32F1xx_DFP.2.2.0
                STMicroelectronics STM32F1 Series Device Support, Drivers and Examples

<h2>Collection of Component include folders:</h2>
  .\RTE\_SmartCar2018
  C:\Keil_v5\ARM\PACK\ARM\CMSIS\5.3.0\CMSIS\Include
  C:\Keil_v5\ARM\PACK\Keil\STM32F1xx_DFP\2.2.0\Device\Include

<h2>Collection of Component Files used:</h2>

   * Component: ARM::CMSIS:CORE:5.1.1
Build Time Elapsed:  00:00:01
</pre>
</body>
</html>
